// Jest Snapshot v1, https://goo.gl/fbAQLP

exports[`form matches snapshot 1`] = `
<form
  className="form"
  data-testid="add-product-form"
  onSubmit={[Function]}
>
  <label
    className="label"
  >
    Product title: *
  </label>
  <input
    className="input"
    data-testid="title"
    name="title"
    placeholder="Title..."
  />
  <label
    className="label"
    htmlFor="description"
  >
    Product details: *
  </label>
  <input
    className="input"
    data-testid="price"
    name="price"
    placeholder="Price..."
  />
  <textarea
    className="textarea"
    data-testid="description"
    name="description"
    placeholder="Start typing product description here..."
  />
  <button
    className="button"
  >
    Add a product
  </button>
</form>
`;
